[html.iwthemes.com/jekas/run/index.html]
[backblue.gif]
[fade.gif]
[index.html]
[html.iwthemes.com/jekas/run/css/style.css]
[html.iwthemes.com/jekas/run/css/theme-responsive.css]
[html.iwthemes.com/jekas/run/img/icons/favicon.ico]
[html.iwthemes.com/jekas/run/img/icons/apple-touch-icon.png]
[html.iwthemes.com/jekas/run/img/icons/apple-touch-icon-72x72.png]
[html.iwthemes.com/jekas/run/img/icons/apple-touch-icon-114x114.png]
[html.iwthemes.com/jekas/run/index-2.html]
[html.iwthemes.com/jekas/run/index0e99.html]
[html.iwthemes.com/jekas/run/img/logo.png]
[html.iwthemes.com/jekas/run/indexca00.html]
[html.iwthemes.com/jekas/run/index2746.html]
[html.iwthemes.com/jekas/run/index-corporate.html]
[html.iwthemes.com/jekas/run/indexaf91.html]
[html.iwthemes.com/jekas/run/index938c.html]
[html.iwthemes.com/jekas/run/indexceb0.html]
[html.iwthemes.com/jekas/run/indexa820.html]
[html.iwthemes.com/jekas/run/index-business.html]
[html.iwthemes.com/jekas/run/indexe82e.html]
[html.iwthemes.com/jekas/run/index6788.html]
[html.iwthemes.com/jekas/run/index-portfolio.html]
[html.iwthemes.com/jekas/run/index0a59.html]
[html.iwthemes.com/jekas/run/index-one-page.html]
[html.iwthemes.com/jekas/run/index-landing.html]
[html.iwthemes.com/jekas/run/page-about-01.html]
[html.iwthemes.com/jekas/run/page-about-02.html]
[html.iwthemes.com/jekas/run/page-about-me.html]
[html.iwthemes.com/jekas/run/page-about-team.html]
[html.iwthemes.com/jekas/run/page-services-01.html]
[html.iwthemes.com/jekas/run/page-services-02.html]
[html.iwthemes.com/jekas/run/page-services-03.html]
[html.iwthemes.com/jekas/run/page-services-options.html]
[html.iwthemes.com/jekas/run/work-2-columns.html]
[html.iwthemes.com/jekas/run/work-3-columns.html]
[html.iwthemes.com/jekas/run/work-4-columns.html]
[html.iwthemes.com/jekas/run/single-work.html]
[html.iwthemes.com/jekas/run/page-sections-content.html]
[html.iwthemes.com/jekas/run/page-full-width.html]
[html.iwthemes.com/jekas/run/page-left-sidebar.html]
[html.iwthemes.com/jekas/run/page-right-sidebar.html]
[html.iwthemes.com/jekas/run/page-404.html]
[html.iwthemes.com/jekas/run/page-faq.html]
[html.iwthemes.com/jekas/run/feature-table-pricing.html]
[html.iwthemes.com/jekas/run/feature-grid.html]
[html.iwthemes.com/jekas/run/feature-typograpy.html]
[html.iwthemes.com/jekas/run/feature-icons.html]
[html.iwthemes.com/jekas/run/feature-elements.html]
[html.iwthemes.com/jekas/run/page-blog-01.html]
[html.iwthemes.com/jekas/run/page-blog-02.html]
[html.iwthemes.com/jekas/run/single-post.html]
[html.iwthemes.com/jekas/run/page-contact-02.html]
[html.iwthemes.com/jekas/run/page-contact-01.html]
[html.iwthemes.com/jekas/run/img/slide/slides/video-bg.png]
[html.iwthemes.com/jekas/run/img/video/video-slide.webm]
[html.iwthemes.com/jekas/run/img/slide/slides/1.jpg]
[html.iwthemes.com/jekas/run/img/slide/slides/2.jpg]
[html.iwthemes.com/jekas/run/img/gallery/1.jpg]
[html.iwthemes.com/jekas/run/img/gallery/2.jpg]
[html.iwthemes.com/jekas/run/img/gallery/3.jpg]
[html.iwthemes.com/jekas/run/img/gallery/4.jpg]
[html.iwthemes.com/jekas/run/img/gallery/5.jpg]
[html.iwthemes.com/jekas/run/img/gallery/6.jpg]
[html.iwthemes.com/jekas/run/img/services/1.png]
[html.iwthemes.com/jekas/run/img/commnets/1.jpg]
[html.iwthemes.com/jekas/run/img/commnets/2.jpg]
[html.iwthemes.com/jekas/run/img/commnets/3.jpg]
[html.iwthemes.com/jekas/run/js/nav/tinynav.js]
[html.iwthemes.com/jekas/run/js/nav/superfish.js]
[html.iwthemes.com/jekas/run/js/nav/hoverIntent.js]
[html.iwthemes.com/jekas/run/js/nav/jquery.sticky.js]
[html.iwthemes.com/jekas/run/js/jquery.js]
[html.iwthemes.com/jekas/run/js/totop/jquery.ui.totop.js]
[html.iwthemes.com/jekas/run/js/carousel/owl.carousel.js]
[html.iwthemes.com/jekas/run/js/rs-plugin/js/jquery.themepunch.revolution.min.js]
[html.iwthemes.com/jekas/run/js/rs-plugin/js/jquery.themepunch.tools.min.js]
[html.iwthemes.com/jekas/run/js/fancybox/jquery.fancybox.pack.js]
[html.iwthemes.com/jekas/run/js/gallery/modernizr.custom.26633.js]
[html.iwthemes.com/jekas/run/js/gallery/jquery.gridrotator.js]
[html.iwthemes.com/jekas/run/js/team/modernizr.custom.63321.js]
[html.iwthemes.com/jekas/run/js/team/jquery.catslider.js]
[html.iwthemes.com/jekas/run/js/theme-options/theme-options.js]
[html.iwthemes.com/jekas/run/js/filters/jquery.isotope.js]
[html.iwthemes.com/jekas/run/js/theme-options/jquery.cookies.js]
[html.iwthemes.com/jekas/run/js/twitter/jquery.tweet.js]
[html.iwthemes.com/jekas/run/js/animations/wow.min.js]
[html.iwthemes.com/jekas/run/js/parallax/jquery.inview.js]
[html.iwthemes.com/jekas/run/js/parallax/nbw-parallax.js]
[html.iwthemes.com/jekas/run/index.html]
[html.iwthemes.com/jekas/run/js/main.js]
[html.iwthemes.com/jekas/run/css/bootstrap/bootstrap.css]
[html.iwthemes.com/jekas/run/js/bootstrap/bootstrap.js]
[html.iwthemes.com/jekas/run/css/bootstrap/bootstrap-theme.css]
[html.iwthemes.com/jekas/run/css/skins/theme-options.css]
[html.iwthemes.com/jekas/run/js/fancybox/jquery.fancybox.css]
[html.iwthemes.com/jekas/run/css/carousel/owl.carousel.css]
[html.iwthemes.com/jekas/run/css/carousel/owl.theme.default.css]
[html.iwthemes.com/jekas/run/css/animations/animate.css]
[html.iwthemes.com/jekas/run/css/slide/revolution.css]
[html.iwthemes.com/jekas/run/css/slide/extralayers.css]
[html.iwthemes.com/jekas/run/js/rs-plugin/css/settings.css]
[html.iwthemes.com/jekas/run/css/icons/font-awesome.min.css]
[html.iwthemes.com/jekas/run/css/gallery/grid.css]
[html.iwthemes.com/jekas/run/img/img-theme/service-bg.png]
[html.iwthemes.com/jekas/run/css/team/minislider.css]
[html.iwthemes.com/jekas/run/img/img-theme/preloader.gif]
[html.iwthemes.com/jekas/run/img/img-theme/ui.totop.png]
[html.iwthemes.com/jekas/run/img/parallax/1.jpg]
[html.iwthemes.com/jekas/run/img/parallax/2.jpg]
[html.iwthemes.com/jekas/run/img/parallax/3.jpg]
[html.iwthemes.com/jekas/run/img/parallax/4.jpg]
[html.iwthemes.com/jekas/run/img/parallax/5.jpg]
[html.iwthemes.com/jekas/run/img/img-theme/toggle.png]
[html.iwthemes.com/jekas/run/css/style.css]
[html.iwthemes.com/jekas/run/css/theme-responsive.css]
[html.iwthemes.com/jekas/run/index0e99.html]
[html.iwthemes.com/jekas/run/indexca00.html]
[html.iwthemes.com/jekas/run/index2746.html]
[html.iwthemes.com/jekas/run/indexaf91.html]
[html.iwthemes.com/jekas/run/indexceb0.html]
[html.iwthemes.com/jekas/run/index938c.html]
[html.iwthemes.com/jekas/run/indexa820.html]
[html.iwthemes.com/jekas/run/index6788.html]
[html.iwthemes.com/jekas/run/indexe82e.html]
[html.iwthemes.com/jekas/run/index0a59.html]
[html.iwthemes.com/jekas/run/index0e99-2.html]
[html.iwthemes.com/jekas/run/indexca00-2.html]
[html.iwthemes.com/jekas/run/index2746-2.html]
[html.iwthemes.com/jekas/run/indexaf91-2.html]
[html.iwthemes.com/jekas/run/indexceb0-2.html]
[html.iwthemes.com/jekas/run/index938c-2.html]
[html.iwthemes.com/jekas/run/indexa820-2.html]
[html.iwthemes.com/jekas/run/index6788-2.html]
[html.iwthemes.com/jekas/run/indexe82e-2.html]
[html.iwthemes.com/jekas/run/index-2.html]
[html.iwthemes.com/jekas/run/index0a59-2.html]
[html.iwthemes.com/jekas/run/index-corporate0e99.html]
[html.iwthemes.com/jekas/run/index-corporateca00.html]
[html.iwthemes.com/jekas/run/index-corporate2746.html]
[html.iwthemes.com/jekas/run/index-corporateaf91.html]
[html.iwthemes.com/jekas/run/index-corporateceb0.html]
[html.iwthemes.com/jekas/run/index-corporate938c.html]
[html.iwthemes.com/jekas/run/index-corporatea820.html]
[html.iwthemes.com/jekas/run/index-corporate6788.html]
[html.iwthemes.com/jekas/run/index-corporatee82e.html]
[html.iwthemes.com/jekas/run/img/slide/slides/bg.jpg]
[html.iwthemes.com/jekas/run/index-corporate0a59.html]
[html.iwthemes.com/jekas/run/img/slide/slider-item-4.png]
[html.iwthemes.com/jekas/run/img/slide/slides/3.jpg]
[html.iwthemes.com/jekas/run/img/slide/slides/4.jpg]
[html.iwthemes.com/jekas/run/img/video/video.mp4]
[html.iwthemes.com/jekas/run/img/video/video-sections.webm]
[html.iwthemes.com/jekas/run/index-corporate.html]
[html.iwthemes.com/jekas/run/index-business0e99.html]
[html.iwthemes.com/jekas/run/index-businessca00.html]
[html.iwthemes.com/jekas/run/index-business2746.html]
[html.iwthemes.com/jekas/run/index-businessaf91.html]
[html.iwthemes.com/jekas/run/index-businessceb0.html]
[html.iwthemes.com/jekas/run/index-business938c.html]
[html.iwthemes.com/jekas/run/index-businessa820.html]
[html.iwthemes.com/jekas/run/index-business6788.html]
[html.iwthemes.com/jekas/run/index-businesse82e.html]
[html.iwthemes.com/jekas/run/img/slide/mobile.png]
[html.iwthemes.com/jekas/run/index-business0a59.html]
[html.iwthemes.com/jekas/run/img/services/5.png]
[html.iwthemes.com/jekas/run/img/services/2.png]
[html.iwthemes.com/jekas/run/index-business.html]
[html.iwthemes.com/jekas/run/index-portfolio0e99.html]
[html.iwthemes.com/jekas/run/index-portfolioca00.html]
[html.iwthemes.com/jekas/run/index-portfolio2746.html]
[html.iwthemes.com/jekas/run/index-portfolioaf91.html]
[html.iwthemes.com/jekas/run/index-portfolioceb0.html]
[html.iwthemes.com/jekas/run/index-portfolio938c.html]
[html.iwthemes.com/jekas/run/index-portfolioa820.html]
[html.iwthemes.com/jekas/run/index-portfolio6788.html]
[html.iwthemes.com/jekas/run/index-portfolioe82e.html]
[html.iwthemes.com/jekas/run/index-portfolio0a59.html]
[html.iwthemes.com/jekas/run/img/sponsors/1.png]
[html.iwthemes.com/jekas/run/img/sponsors/2.png]
[html.iwthemes.com/jekas/run/img/sponsors/3.png]
[html.iwthemes.com/jekas/run/img/sponsors/4.png]
[html.iwthemes.com/jekas/run/img/sponsors/5.png]
[html.iwthemes.com/jekas/run/index-portfolio.html]
[html.iwthemes.com/jekas/run/index-one-page0e99.html]
[html.iwthemes.com/jekas/run/index-one-pageca00.html]
[html.iwthemes.com/jekas/run/index-one-page2746.html]
[html.iwthemes.com/jekas/run/index-one-pageaf91.html]
[html.iwthemes.com/jekas/run/index-one-pageceb0.html]
[html.iwthemes.com/jekas/run/index-one-page938c.html]
[html.iwthemes.com/jekas/run/index-one-pagea820.html]
[html.iwthemes.com/jekas/run/index-one-page6788.html]
[html.iwthemes.com/jekas/run/index-one-pagee82e.html]
[html.iwthemes.com/jekas/run/img/services/4.png]
[html.iwthemes.com/jekas/run/index-one-page0a59.html]
[html.iwthemes.com/jekas/run/img/team/1.jpg]
[html.iwthemes.com/jekas/run/img/team/2.jpg]
[html.iwthemes.com/jekas/run/img/team/3.jpg]
[html.iwthemes.com/jekas/run/img/team/4.jpg]
[html.iwthemes.com/jekas/run/img/team/5.jpg]
[html.iwthemes.com/jekas/run/img/team/6.jpg]
[html.iwthemes.com/jekas/run/img/team/7.jpg]
[html.iwthemes.com/jekas/run/img/team/8.jpg]
[html.iwthemes.com/jekas/run/img/team/9.jpg]
[html.iwthemes.com/jekas/run/img/team/10.jpg]
[html.iwthemes.com/jekas/run/img/team/11.jpg]
[html.iwthemes.com/jekas/run/img/team/12.jpg]
[html.iwthemes.com/jekas/run/img/team/13.jpg]
[html.iwthemes.com/jekas/run/img/team/14.jpg]
[html.iwthemes.com/jekas/run/img/team/15.jpg]
[html.iwthemes.com/jekas/run/index-one-page.html]
[html.iwthemes.com/jekas/run/index-landing0e99.html]
[html.iwthemes.com/jekas/run/index-landingca00.html]
[html.iwthemes.com/jekas/run/index-landing2746.html]
[html.iwthemes.com/jekas/run/index-landingaf91.html]
[html.iwthemes.com/jekas/run/index-landingceb0.html]
[html.iwthemes.com/jekas/run/index-landing938c.html]
[html.iwthemes.com/jekas/run/index-landinga820.html]
[html.iwthemes.com/jekas/run/index-landing6788.html]
[html.iwthemes.com/jekas/run/index-landinge82e.html]
[html.iwthemes.com/jekas/run/index-landing.html]
[html.iwthemes.com/jekas/run/index-landing0a59.html]
[html.iwthemes.com/jekas/run/page-about-010e99.html]
[html.iwthemes.com/jekas/run/page-about-01ca00.html]
[html.iwthemes.com/jekas/run/page-about-012746.html]
[html.iwthemes.com/jekas/run/page-about-01af91.html]
[html.iwthemes.com/jekas/run/page-about-01ceb0.html]
[html.iwthemes.com/jekas/run/page-about-01938c.html]
[html.iwthemes.com/jekas/run/page-about-01a820.html]
[html.iwthemes.com/jekas/run/page-about-016788.html]
[html.iwthemes.com/jekas/run/page-about-01e82e.html]
[html.iwthemes.com/jekas/run/page-about-010a59.html]
[html.iwthemes.com/jekas/run/img/grid/loading.gif]
[html.iwthemes.com/jekas/run/img/grid/1.jpg]
[html.iwthemes.com/jekas/run/img/grid/2.jpg]
[html.iwthemes.com/jekas/run/img/grid/3.jpg]
[html.iwthemes.com/jekas/run/img/grid/4.jpg]
[html.iwthemes.com/jekas/run/img/grid/5.jpg]
[html.iwthemes.com/jekas/run/img/grid/6.jpg]
[html.iwthemes.com/jekas/run/img/grid/7.jpg]
[html.iwthemes.com/jekas/run/img/grid/8.jpg]
[html.iwthemes.com/jekas/run/img/grid/9.jpg]
[html.iwthemes.com/jekas/run/img/grid/10.jpg]
[html.iwthemes.com/jekas/run/img/grid/11.jpg]
[html.iwthemes.com/jekas/run/img/grid/12.jpg]
[html.iwthemes.com/jekas/run/img/grid/13.jpg]
[html.iwthemes.com/jekas/run/img/grid/14.jpg]
[html.iwthemes.com/jekas/run/img/grid/15.jpg]
[html.iwthemes.com/jekas/run/img/grid/16.jpg]
[html.iwthemes.com/jekas/run/page-about-01.html]
[html.iwthemes.com/jekas/run/page-about-020e99.html]
[html.iwthemes.com/jekas/run/page-about-02ca00.html]
[html.iwthemes.com/jekas/run/page-about-022746.html]
[html.iwthemes.com/jekas/run/page-about-02af91.html]
[html.iwthemes.com/jekas/run/page-about-02ceb0.html]
[html.iwthemes.com/jekas/run/page-about-02938c.html]
[html.iwthemes.com/jekas/run/page-about-02a820.html]
[html.iwthemes.com/jekas/run/page-about-026788.html]
[html.iwthemes.com/jekas/run/page-about-02e82e.html]
[html.iwthemes.com/jekas/run/page-about-02.html]
[html.iwthemes.com/jekas/run/page-about-020a59.html]
[html.iwthemes.com/jekas/run/page-about-me0e99.html]
[html.iwthemes.com/jekas/run/page-about-meca00.html]
[html.iwthemes.com/jekas/run/page-about-me2746.html]
[html.iwthemes.com/jekas/run/page-about-meaf91.html]
[html.iwthemes.com/jekas/run/page-about-meceb0.html]
[html.iwthemes.com/jekas/run/page-about-me938c.html]
[html.iwthemes.com/jekas/run/page-about-mea820.html]
[html.iwthemes.com/jekas/run/page-about-me6788.html]
[html.iwthemes.com/jekas/run/page-about-mee82e.html]
[html.iwthemes.com/jekas/run/page-about-me.html]
[html.iwthemes.com/jekas/run/page-about-me0a59.html]
[html.iwthemes.com/jekas/run/page-about-team0e99.html]
[html.iwthemes.com/jekas/run/page-about-teamca00.html]
[html.iwthemes.com/jekas/run/page-about-team2746.html]
[html.iwthemes.com/jekas/run/page-about-teamaf91.html]
[html.iwthemes.com/jekas/run/page-about-teamceb0.html]
[html.iwthemes.com/jekas/run/page-about-team938c.html]
[html.iwthemes.com/jekas/run/page-about-teama820.html]
[html.iwthemes.com/jekas/run/page-about-team6788.html]
[html.iwthemes.com/jekas/run/page-about-teame82e.html]
[html.iwthemes.com/jekas/run/page-about-team.html]
[html.iwthemes.com/jekas/run/page-about-team0a59.html]
[html.iwthemes.com/jekas/run/page-services-010e99.html]
[html.iwthemes.com/jekas/run/page-services-01ca00.html]
[html.iwthemes.com/jekas/run/page-services-012746.html]
[html.iwthemes.com/jekas/run/page-services-01af91.html]
[html.iwthemes.com/jekas/run/page-services-01ceb0.html]
[html.iwthemes.com/jekas/run/page-services-01938c.html]
[html.iwthemes.com/jekas/run/page-services-01a820.html]
[html.iwthemes.com/jekas/run/page-services-016788.html]
[html.iwthemes.com/jekas/run/page-services-01e82e.html]
[html.iwthemes.com/jekas/run/page-services-01.html]
[html.iwthemes.com/jekas/run/page-services-010a59.html]
[html.iwthemes.com/jekas/run/page-services-020e99.html]
[html.iwthemes.com/jekas/run/page-services-02ca00.html]
[html.iwthemes.com/jekas/run/page-services-022746.html]
[html.iwthemes.com/jekas/run/page-services-02af91.html]
[html.iwthemes.com/jekas/run/page-services-02ceb0.html]
[html.iwthemes.com/jekas/run/page-services-02938c.html]
[html.iwthemes.com/jekas/run/page-services-02a820.html]
[html.iwthemes.com/jekas/run/page-services-026788.html]
[html.iwthemes.com/jekas/run/page-services-02e82e.html]
[html.iwthemes.com/jekas/run/page-services-02.html]
[html.iwthemes.com/jekas/run/page-services-020a59.html]
[html.iwthemes.com/jekas/run/page-services-030e99.html]
[html.iwthemes.com/jekas/run/page-services-03ca00.html]
[html.iwthemes.com/jekas/run/page-services-032746.html]
[html.iwthemes.com/jekas/run/page-services-03af91.html]
[html.iwthemes.com/jekas/run/page-services-03ceb0.html]
[html.iwthemes.com/jekas/run/page-services-03938c.html]
[html.iwthemes.com/jekas/run/page-services-03a820.html]
[html.iwthemes.com/jekas/run/page-services-036788.html]
[html.iwthemes.com/jekas/run/page-services-03e82e.html]
[html.iwthemes.com/jekas/run/page-services-03.html]
[html.iwthemes.com/jekas/run/page-services-030a59.html]
[html.iwthemes.com/jekas/run/page-services-options0e99.html]
[html.iwthemes.com/jekas/run/page-services-optionsca00.html]
[html.iwthemes.com/jekas/run/page-services-options2746.html]
[html.iwthemes.com/jekas/run/page-services-optionsaf91.html]
[html.iwthemes.com/jekas/run/page-services-optionsceb0.html]
[html.iwthemes.com/jekas/run/page-services-options938c.html]
[html.iwthemes.com/jekas/run/page-services-optionsa820.html]
[html.iwthemes.com/jekas/run/page-services-options6788.html]
[html.iwthemes.com/jekas/run/page-services-optionse82e.html]
[html.iwthemes.com/jekas/run/page-services-options.html]
[html.iwthemes.com/jekas/run/page-services-options0a59.html]
[html.iwthemes.com/jekas/run/work-2-columns0e99.html]
[html.iwthemes.com/jekas/run/work-2-columnsca00.html]
[html.iwthemes.com/jekas/run/work-2-columns2746.html]
[html.iwthemes.com/jekas/run/work-2-columnsaf91.html]
[html.iwthemes.com/jekas/run/work-2-columnsceb0.html]
[html.iwthemes.com/jekas/run/work-2-columns938c.html]
[html.iwthemes.com/jekas/run/work-2-columnsa820.html]
[html.iwthemes.com/jekas/run/work-2-columns6788.html]
[html.iwthemes.com/jekas/run/work-2-columnse82e.html]
[html.iwthemes.com/jekas/run/work-2-columns0a59.html]
[html.iwthemes.com/jekas/run/img/gallery/7.jpg]
[html.iwthemes.com/jekas/run/img/gallery/8.jpg]
[html.iwthemes.com/jekas/run/work-2-columns.html]
[html.iwthemes.com/jekas/run/work-3-columns0e99.html]
[html.iwthemes.com/jekas/run/work-3-columnsca00.html]
[html.iwthemes.com/jekas/run/work-3-columns2746.html]
[html.iwthemes.com/jekas/run/work-3-columnsaf91.html]
[html.iwthemes.com/jekas/run/work-3-columnsceb0.html]
[html.iwthemes.com/jekas/run/work-3-columns938c.html]
[html.iwthemes.com/jekas/run/work-3-columnsa820.html]
[html.iwthemes.com/jekas/run/work-3-columns6788.html]
[html.iwthemes.com/jekas/run/work-3-columnse82e.html]
[html.iwthemes.com/jekas/run/work-3-columns.html]
[html.iwthemes.com/jekas/run/work-3-columns0a59.html]
[html.iwthemes.com/jekas/run/work-4-columns0e99.html]
[html.iwthemes.com/jekas/run/work-4-columnsca00.html]
[html.iwthemes.com/jekas/run/work-4-columns2746.html]
[html.iwthemes.com/jekas/run/work-4-columnsaf91.html]
[html.iwthemes.com/jekas/run/work-4-columnsceb0.html]
[html.iwthemes.com/jekas/run/work-4-columns938c.html]
[html.iwthemes.com/jekas/run/work-4-columnsa820.html]
[html.iwthemes.com/jekas/run/work-4-columns6788.html]
[html.iwthemes.com/jekas/run/work-4-columnse82e.html]
[html.iwthemes.com/jekas/run/work-4-columns.html]
[html.iwthemes.com/jekas/run/work-4-columns0a59.html]
[html.iwthemes.com/jekas/run/single-work0e99.html]
[html.iwthemes.com/jekas/run/single-workca00.html]
[html.iwthemes.com/jekas/run/single-work2746.html]
[html.iwthemes.com/jekas/run/single-workaf91.html]
[html.iwthemes.com/jekas/run/single-workceb0.html]
[html.iwthemes.com/jekas/run/single-work938c.html]
[html.iwthemes.com/jekas/run/single-worka820.html]
[html.iwthemes.com/jekas/run/single-work6788.html]
[html.iwthemes.com/jekas/run/single-worke82e.html]
[html.iwthemes.com/jekas/run/single-work.html]
[html.iwthemes.com/jekas/run/single-work0a59.html]
[html.iwthemes.com/jekas/run/page-sections-content0e99.html]
[html.iwthemes.com/jekas/run/page-sections-contentca00.html]
[html.iwthemes.com/jekas/run/page-sections-content2746.html]
[html.iwthemes.com/jekas/run/page-sections-contentaf91.html]
[html.iwthemes.com/jekas/run/page-sections-contentceb0.html]
[html.iwthemes.com/jekas/run/page-sections-content938c.html]
[html.iwthemes.com/jekas/run/page-sections-contenta820.html]
[html.iwthemes.com/jekas/run/page-sections-content6788.html]
[html.iwthemes.com/jekas/run/page-sections-contente82e.html]
[html.iwthemes.com/jekas/run/page-sections-content.html]
[html.iwthemes.com/jekas/run/page-sections-content0a59.html]
[html.iwthemes.com/jekas/run/page-full-width0e99.html]
[html.iwthemes.com/jekas/run/page-full-widthca00.html]
[html.iwthemes.com/jekas/run/page-full-width2746.html]
[html.iwthemes.com/jekas/run/page-full-widthaf91.html]
[html.iwthemes.com/jekas/run/page-full-widthceb0.html]
[html.iwthemes.com/jekas/run/page-full-width938c.html]
[html.iwthemes.com/jekas/run/page-full-widtha820.html]
[html.iwthemes.com/jekas/run/page-full-width6788.html]
[html.iwthemes.com/jekas/run/page-full-widthe82e.html]
[html.iwthemes.com/jekas/run/page-full-width.html]
[html.iwthemes.com/jekas/run/page-full-width0a59.html]
[html.iwthemes.com/jekas/run/page-left-sidebar0e99.html]
[html.iwthemes.com/jekas/run/page-left-sidebarca00.html]
[html.iwthemes.com/jekas/run/page-left-sidebar2746.html]
[html.iwthemes.com/jekas/run/page-left-sidebaraf91.html]
[html.iwthemes.com/jekas/run/page-left-sidebarceb0.html]
[html.iwthemes.com/jekas/run/page-left-sidebar938c.html]
[html.iwthemes.com/jekas/run/page-left-sidebara820.html]
[html.iwthemes.com/jekas/run/page-left-sidebar6788.html]
[html.iwthemes.com/jekas/run/page-left-sidebare82e.html]
[html.iwthemes.com/jekas/run/page-left-sidebar.html]
[html.iwthemes.com/jekas/run/page-left-sidebar0a59.html]
[html.iwthemes.com/jekas/run/page-right-sidebar0e99.html]
[html.iwthemes.com/jekas/run/page-right-sidebarca00.html]
[html.iwthemes.com/jekas/run/page-right-sidebar2746.html]
[html.iwthemes.com/jekas/run/page-right-sidebaraf91.html]
[html.iwthemes.com/jekas/run/page-right-sidebarceb0.html]
[html.iwthemes.com/jekas/run/page-right-sidebar938c.html]
[html.iwthemes.com/jekas/run/page-right-sidebara820.html]
[html.iwthemes.com/jekas/run/page-right-sidebar6788.html]
[html.iwthemes.com/jekas/run/page-right-sidebare82e.html]
[html.iwthemes.com/jekas/run/page-right-sidebar.html]
[html.iwthemes.com/jekas/run/page-right-sidebar0a59.html]
[html.iwthemes.com/jekas/run/page-4040e99.html]
[html.iwthemes.com/jekas/run/page-404ca00.html]
[html.iwthemes.com/jekas/run/page-4042746.html]
[html.iwthemes.com/jekas/run/page-404af91.html]
[html.iwthemes.com/jekas/run/page-404ceb0.html]
[html.iwthemes.com/jekas/run/page-404938c.html]
[html.iwthemes.com/jekas/run/page-404a820.html]
[html.iwthemes.com/jekas/run/page-4046788.html]
[html.iwthemes.com/jekas/run/page-404e82e.html]
[html.iwthemes.com/jekas/run/page-404.html]
[html.iwthemes.com/jekas/run/page-4040a59.html]
[html.iwthemes.com/jekas/run/page-faq0e99.html]
[html.iwthemes.com/jekas/run/page-faqca00.html]
[html.iwthemes.com/jekas/run/page-faq2746.html]
[html.iwthemes.com/jekas/run/page-faqaf91.html]
[html.iwthemes.com/jekas/run/page-faqceb0.html]
[html.iwthemes.com/jekas/run/page-faq938c.html]
[html.iwthemes.com/jekas/run/page-faqa820.html]
[html.iwthemes.com/jekas/run/page-faq6788.html]
[html.iwthemes.com/jekas/run/page-faqe82e.html]
[html.iwthemes.com/jekas/run/page-faq.html]
[html.iwthemes.com/jekas/run/page-faq0a59.html]
[html.iwthemes.com/jekas/run/feature-table-pricing0e99.html]
[html.iwthemes.com/jekas/run/feature-table-pricingca00.html]
[html.iwthemes.com/jekas/run/feature-table-pricing2746.html]
[html.iwthemes.com/jekas/run/feature-table-pricingaf91.html]
[html.iwthemes.com/jekas/run/feature-table-pricingceb0.html]
[html.iwthemes.com/jekas/run/feature-table-pricing938c.html]
[html.iwthemes.com/jekas/run/feature-table-pricinga820.html]
[html.iwthemes.com/jekas/run/feature-table-pricing6788.html]
[html.iwthemes.com/jekas/run/feature-table-pricinge82e.html]
[html.iwthemes.com/jekas/run/feature-table-pricing.html]
[html.iwthemes.com/jekas/run/feature-table-pricing0a59.html]
[html.iwthemes.com/jekas/run/feature-grid0e99.html]
[html.iwthemes.com/jekas/run/feature-gridca00.html]
[html.iwthemes.com/jekas/run/feature-grid2746.html]
[html.iwthemes.com/jekas/run/feature-gridaf91.html]
[html.iwthemes.com/jekas/run/feature-gridceb0.html]
[html.iwthemes.com/jekas/run/feature-grid938c.html]
[html.iwthemes.com/jekas/run/feature-grida820.html]
[html.iwthemes.com/jekas/run/feature-grid6788.html]
[html.iwthemes.com/jekas/run/feature-gride82e.html]
[html.iwthemes.com/jekas/run/feature-grid.html]
[html.iwthemes.com/jekas/run/feature-grid0a59.html]
[html.iwthemes.com/jekas/run/feature-typograpy0e99.html]
[html.iwthemes.com/jekas/run/feature-typograpyca00.html]
[html.iwthemes.com/jekas/run/feature-typograpy2746.html]
[html.iwthemes.com/jekas/run/feature-typograpyaf91.html]
[html.iwthemes.com/jekas/run/feature-typograpyceb0.html]
[html.iwthemes.com/jekas/run/feature-typograpy938c.html]
[html.iwthemes.com/jekas/run/feature-typograpya820.html]
[html.iwthemes.com/jekas/run/feature-typograpy6788.html]
[html.iwthemes.com/jekas/run/feature-typograpye82e.html]
[html.iwthemes.com/jekas/run/feature-typograpy0a59.html]
[html.iwthemes.com/jekas/run/icons.html]
[html.iwthemes.com/jekas/run/feature-typograpy.html]
[html.iwthemes.com/jekas/run/feature-icons0e99.html]
[html.iwthemes.com/jekas/run/feature-iconsca00.html]
[html.iwthemes.com/jekas/run/feature-icons2746.html]
[html.iwthemes.com/jekas/run/feature-iconsaf91.html]
[html.iwthemes.com/jekas/run/feature-iconsceb0.html]
[html.iwthemes.com/jekas/run/feature-icons938c.html]
[html.iwthemes.com/jekas/run/feature-iconsa820.html]
[html.iwthemes.com/jekas/run/feature-icons6788.html]
[html.iwthemes.com/jekas/run/feature-iconse82e.html]
[html.iwthemes.com/jekas/run/feature-icons0a59.html]
[html.iwthemes.com/jekas/run/feature-icons.html]
[html.iwthemes.com/jekas/run/feature-elements0e99.html]
[html.iwthemes.com/jekas/run/feature-elementsca00.html]
[html.iwthemes.com/jekas/run/feature-elements2746.html]
[html.iwthemes.com/jekas/run/feature-elementsaf91.html]
[html.iwthemes.com/jekas/run/feature-elementsceb0.html]
[html.iwthemes.com/jekas/run/feature-elements938c.html]
[html.iwthemes.com/jekas/run/feature-elementsa820.html]
[html.iwthemes.com/jekas/run/feature-elements6788.html]
[html.iwthemes.com/jekas/run/feature-elementse82e.html]
[html.iwthemes.com/jekas/run/feature-elements0a59.html]
[html.iwthemes.com/jekas/run/img/img-theme/holder.png]
[html.iwthemes.com/jekas/run/feature-elements.html]
[html.iwthemes.com/jekas/run/page-blog-010e99.html]
[html.iwthemes.com/jekas/run/page-blog-01ca00.html]
[html.iwthemes.com/jekas/run/page-blog-012746.html]
[html.iwthemes.com/jekas/run/page-blog-01af91.html]
[html.iwthemes.com/jekas/run/page-blog-01ceb0.html]
[html.iwthemes.com/jekas/run/page-blog-01938c.html]
[html.iwthemes.com/jekas/run/page-blog-01a820.html]
[html.iwthemes.com/jekas/run/page-blog-016788.html]
[html.iwthemes.com/jekas/run/page-blog-01e82e.html]
[html.iwthemes.com/jekas/run/page-blog-01.html]
[html.iwthemes.com/jekas/run/page-blog-010a59.html]
[html.iwthemes.com/jekas/run/page-blog-020e99.html]
[html.iwthemes.com/jekas/run/page-blog-02ca00.html]
[html.iwthemes.com/jekas/run/page-blog-022746.html]
[html.iwthemes.com/jekas/run/page-blog-02af91.html]
[html.iwthemes.com/jekas/run/page-blog-02ceb0.html]
[html.iwthemes.com/jekas/run/page-blog-02938c.html]
[html.iwthemes.com/jekas/run/page-blog-02a820.html]
[html.iwthemes.com/jekas/run/page-blog-026788.html]
[html.iwthemes.com/jekas/run/page-blog-02e82e.html]
[html.iwthemes.com/jekas/run/page-blog-02.html]
[html.iwthemes.com/jekas/run/page-blog-020a59.html]
[html.iwthemes.com/jekas/run/single-post0e99.html]
[html.iwthemes.com/jekas/run/single-postca00.html]
[html.iwthemes.com/jekas/run/single-post2746.html]
[html.iwthemes.com/jekas/run/single-postaf91.html]
[html.iwthemes.com/jekas/run/single-postceb0.html]
[html.iwthemes.com/jekas/run/single-post938c.html]
[html.iwthemes.com/jekas/run/single-posta820.html]
[html.iwthemes.com/jekas/run/single-post6788.html]
[html.iwthemes.com/jekas/run/single-poste82e.html]
[html.iwthemes.com/jekas/run/single-post.html]
[html.iwthemes.com/jekas/run/single-post0a59.html]
[html.iwthemes.com/jekas/run/page-contact-020e99.html]
[html.iwthemes.com/jekas/run/page-contact-02ca00.html]
[html.iwthemes.com/jekas/run/page-contact-022746.html]
[html.iwthemes.com/jekas/run/page-contact-02af91.html]
[html.iwthemes.com/jekas/run/page-contact-02ceb0.html]
[html.iwthemes.com/jekas/run/page-contact-02938c.html]
[html.iwthemes.com/jekas/run/page-contact-02a820.html]
[html.iwthemes.com/jekas/run/page-contact-026788.html]
[html.iwthemes.com/jekas/run/page-contact-02e82e.html]
[html.iwthemes.com/jekas/run/page-contact-02.html]
[html.iwthemes.com/jekas/run/page-contact-020a59.html]
[html.iwthemes.com/jekas/run/page-contact-010e99.html]
[html.iwthemes.com/jekas/run/page-contact-01ca00.html]
[html.iwthemes.com/jekas/run/page-contact-012746.html]
[html.iwthemes.com/jekas/run/page-contact-01af91.html]
[html.iwthemes.com/jekas/run/page-contact-01ceb0.html]
[html.iwthemes.com/jekas/run/page-contact-01938c.html]
[html.iwthemes.com/jekas/run/page-contact-01a820.html]
[html.iwthemes.com/jekas/run/page-contact-016788.html]
[html.iwthemes.com/jekas/run/page-contact-01e82e.html]
[html.iwthemes.com/jekas/run/page-contact-010a59.html]
[html.iwthemes.com/jekas/run/img/office/1.jpg]
[html.iwthemes.com/jekas/run/img/office/2.jpg]
[html.iwthemes.com/jekas/run/page-contact-01.html]
[html.iwthemes.com/jekas/run/img/video/video-slide.webm]
[html.iwthemes.com/jekas/run/css/fonts/glyphicons-halflings-regular.eot]
[html.iwthemes.com/jekas/run/css/fonts/glyphicons-halflings-regulard41d.eot]
[html.iwthemes.com/jekas/run/css/fonts/glyphicons-halflings-regular.woff]
[html.iwthemes.com/jekas/run/css/fonts/glyphicons-halflings-regular.ttf]
[html.iwthemes.com/jekas/run/css/fonts/glyphicons-halflings-regular.svg]
[html.iwthemes.com/jekas/run/css/bootstrap/bootstrap.css]
[html.iwthemes.com/jekas/run/css/bootstrap/bootstrap-theme.css]
[html.iwthemes.com/jekas/run/img/bg-theme/none.jpg]
[html.iwthemes.com/jekas/run/img/bg-theme/1.png]
[html.iwthemes.com/jekas/run/img/bg-theme/2.png]
[html.iwthemes.com/jekas/run/img/bg-theme/3.png]
[html.iwthemes.com/jekas/run/img/bg-theme/4.png]
[html.iwthemes.com/jekas/run/img/bg-theme/5.png]
[html.iwthemes.com/jekas/run/img/bg-theme/6.png]
[html.iwthemes.com/jekas/run/img/bg-theme/7.png]
[html.iwthemes.com/jekas/run/img/bg-theme/8.png]
[html.iwthemes.com/jekas/run/img/bg-theme/9.png]
[html.iwthemes.com/jekas/run/img/bg-theme/10.png]
[html.iwthemes.com/jekas/run/img/bg-theme/11.png]
[html.iwthemes.com/jekas/run/img/bg-theme/12.png]
[html.iwthemes.com/jekas/run/img/bg-theme/13.png]
[html.iwthemes.com/jekas/run/img/bg-theme/14.png]
[html.iwthemes.com/jekas/run/img/bg-theme/15.png]
[html.iwthemes.com/jekas/run/img/bg-theme/16.png]
[html.iwthemes.com/jekas/run/img/bg-theme/17.png]
[html.iwthemes.com/jekas/run/img/bg-theme/18.png]
[html.iwthemes.com/jekas/run/img/bg-theme/19.png]
[html.iwthemes.com/jekas/run/img/bg-theme/20.png]
[html.iwthemes.com/jekas/run/img/bg-theme/21.png]
[html.iwthemes.com/jekas/run/img/bg-theme/22.png]
[html.iwthemes.com/jekas/run/img/bg-theme/23.png]
[html.iwthemes.com/jekas/run/img/bg-theme/24.png]
[html.iwthemes.com/jekas/run/img/bg-theme/25.png]
[html.iwthemes.com/jekas/run/img/bg-theme/26.png]
[html.iwthemes.com/jekas/run/img/img-theme/theme-options.png]
[html.iwthemes.com/jekas/run/css/skins/theme-options.css]
[html.iwthemes.com/jekas/run/js/fancybox/fancybox_sprite.png]
[html.iwthemes.com/jekas/run/js/fancybox/fancybox_loading.gif]
[html.iwthemes.com/jekas/run/js/fancybox/blank.gif]
[html.iwthemes.com/jekas/run/js/fancybox/fancybox_overlay.png]
[html.iwthemes.com/jekas/run/js/fancybox/fancybox_sprite@2x.png]
[html.iwthemes.com/jekas/run/js/fancybox/fancybox_loading@2x.gif]
[html.iwthemes.com/jekas/run/js/fancybox/jquery.fancybox.css]
[html.iwthemes.com/jekas/run/css/carousel/owl.video.play.png]
[html.iwthemes.com/jekas/run/css/carousel/owl.carousel.css]
[html.iwthemes.com/jekas/run/css/carousel/owl.theme.default.css]
[html.iwthemes.com/jekas/run/css/animations/animate.css]
[html.iwthemes.com/jekas/run/css/slide/revolution.css]
[html.iwthemes.com/jekas/run/css/slide/extralayers.css]
[html.iwthemes.com/jekas/run/js/rs-plugin/images/gradient/g30.png]
[html.iwthemes.com/jekas/run/js/rs-plugin/images/gradient/g40.png]
[html.iwthemes.com/jekas/run/js/rs-plugin/assets/shadow1.png]
[html.iwthemes.com/jekas/run/js/rs-plugin/assets/shadow2.png]
[html.iwthemes.com/jekas/run/js/rs-plugin/assets/shadow3.png]
[html.iwthemes.com/jekas/run/js/rs-plugin/assets/gridtile.png]
[html.iwthemes.com/jekas/run/js/rs-plugin/assets/gridtile_white.png]
[html.iwthemes.com/jekas/run/js/rs-plugin/assets/gridtile_3x3.png]
[html.iwthemes.com/jekas/run/js/rs-plugin/assets/gridtile_3x3_white.png]
[html.iwthemes.com/jekas/run/js/rs-plugin/assets/boxed_bgtile.png]
[html.iwthemes.com/jekas/run/js/rs-plugin/assets/navigdots_bgtile.png]
[html.iwthemes.com/jekas/run/js/rs-plugin/assets/bullet.png]
[html.iwthemes.com/jekas/run/js/rs-plugin/assets/bullets.png]
[html.iwthemes.com/jekas/run/js/rs-plugin/assets/bullets2.png]
[html.iwthemes.com/jekas/run/js/rs-plugin/assets/bullet_boxed.png]
[html.iwthemes.com/jekas/run/js/rs-plugin/assets/navigdots.png]
[html.iwthemes.com/jekas/run/js/rs-plugin/assets/large_left.png]
[html.iwthemes.com/jekas/run/js/rs-plugin/assets/large_right.png]
[html.iwthemes.com/jekas/run/js/rs-plugin/assets/small_left.png]
[html.iwthemes.com/jekas/run/js/rs-plugin/assets/small_right.png]
[html.iwthemes.com/jekas/run/js/rs-plugin/assets/arrow_left.png]
[html.iwthemes.com/jekas/run/js/rs-plugin/assets/arrow_right.png]
[html.iwthemes.com/jekas/run/js/rs-plugin/assets/small_left_boxed.png]
[html.iwthemes.com/jekas/run/js/rs-plugin/assets/small_right_boxed.png]
[html.iwthemes.com/jekas/run/js/rs-plugin/assets/arrowleft.png]
[html.iwthemes.com/jekas/run/js/rs-plugin/assets/arrowright.png]
[html.iwthemes.com/jekas/run/js/rs-plugin/assets/arrow_left2.png]
[html.iwthemes.com/jekas/run/js/rs-plugin/assets/arrow_right2.png]
[html.iwthemes.com/jekas/run/js/rs-plugin/assets/timer.png]
[html.iwthemes.com/jekas/run/js/rs-plugin/assets/coloredbg.png]
[html.iwthemes.com/jekas/run/js/rs-plugin/assets/loader.gif]
[html.iwthemes.com/jekas/run/js/rs-plugin/font/revicons90c6.woff]
[html.iwthemes.com/jekas/run/js/rs-plugin/font/revicons90c6.ttf]
[html.iwthemes.com/jekas/run/js/rs-plugin/font/revicons90c6.eot]
[html.iwthemes.com/jekas/run/js/rs-plugin/css/settings.css]
[html.iwthemes.com/jekas/run/js/rs-plugin/font/revicons90c6.svg]
[html.iwthemes.com/jekas/run/css/fonts/fontawesome-webfont78ce.woff]
[html.iwthemes.com/jekas/run/css/fonts/fontawesome-webfont78ce.ttf]
[html.iwthemes.com/jekas/run/css/fonts/fontawesome-webfont78ce.eot]
[html.iwthemes.com/jekas/run/css/fonts/fontawesome-webfontd41d.eot]
[html.iwthemes.com/jekas/run/css/icons/font-awesome.min.css]
[html.iwthemes.com/jekas/run/css/gallery/grid.css]
[html.iwthemes.com/jekas/run/css/fonts/fontawesome-webfont78ce.svg]
[html.iwthemes.com/jekas/run/css/team/minislider.css]
[html.iwthemes.com/jekas/run/index0e99-2.html]
[html.iwthemes.com/jekas/run/indexca00-2.html]
[html.iwthemes.com/jekas/run/index2746-2.html]
[html.iwthemes.com/jekas/run/indexaf91-2.html]
[html.iwthemes.com/jekas/run/indexceb0-2.html]
[html.iwthemes.com/jekas/run/index938c-2.html]
[html.iwthemes.com/jekas/run/indexa820-2.html]
[html.iwthemes.com/jekas/run/index6788-2.html]
[html.iwthemes.com/jekas/run/indexe82e-2.html]
[html.iwthemes.com/jekas/run/index0a59-2.html]
[html.iwthemes.com/jekas/run/index-corporate0e99.html]
[html.iwthemes.com/jekas/run/index-corporateca00.html]
[html.iwthemes.com/jekas/run/index-corporate2746.html]
[html.iwthemes.com/jekas/run/index-corporateaf91.html]
[html.iwthemes.com/jekas/run/index-corporateceb0.html]
[html.iwthemes.com/jekas/run/index-corporate938c.html]
[html.iwthemes.com/jekas/run/index-corporatea820.html]
[html.iwthemes.com/jekas/run/index-corporate6788.html]
[html.iwthemes.com/jekas/run/index-corporatee82e.html]
[html.iwthemes.com/jekas/run/index-corporate0a59.html]
[html.iwthemes.com/jekas/run/index-business0e99.html]
[html.iwthemes.com/jekas/run/img/video/video.mp4]
[html.iwthemes.com/jekas/run/index-businessca00.html]
[html.iwthemes.com/jekas/run/index-business2746.html]
[html.iwthemes.com/jekas/run/index-businessaf91.html]
[html.iwthemes.com/jekas/run/index-businessceb0.html]
[html.iwthemes.com/jekas/run/index-business938c.html]
[html.iwthemes.com/jekas/run/index-businessa820.html]
[html.iwthemes.com/jekas/run/index-business6788.html]
[html.iwthemes.com/jekas/run/index-businesse82e.html]
[html.iwthemes.com/jekas/run/index-business0a59.html]
[html.iwthemes.com/jekas/run/index-portfolio0e99.html]
[html.iwthemes.com/jekas/run/index-portfolioca00.html]
[html.iwthemes.com/jekas/run/index-portfolio2746.html]
[html.iwthemes.com/jekas/run/index-portfolioaf91.html]
[html.iwthemes.com/jekas/run/index-portfolioceb0.html]
[html.iwthemes.com/jekas/run/index-portfolio938c.html]
[html.iwthemes.com/jekas/run/index-portfolioa820.html]
[html.iwthemes.com/jekas/run/index-portfolio6788.html]
[html.iwthemes.com/jekas/run/index-portfolioe82e.html]
[html.iwthemes.com/jekas/run/index-portfolio0a59.html]
[html.iwthemes.com/jekas/run/index-one-page0e99.html]
[html.iwthemes.com/jekas/run/index-one-pageca00.html]
[html.iwthemes.com/jekas/run/index-one-page2746.html]
[html.iwthemes.com/jekas/run/index-one-pageaf91.html]
[html.iwthemes.com/jekas/run/index-one-pageceb0.html]
[html.iwthemes.com/jekas/run/index-one-page938c.html]
[html.iwthemes.com/jekas/run/index-one-pagea820.html]
[html.iwthemes.com/jekas/run/index-one-page6788.html]
[html.iwthemes.com/jekas/run/index-one-pagee82e.html]
[html.iwthemes.com/jekas/run/index-one-page0a59.html]
[html.iwthemes.com/jekas/run/index-landing0e99.html]
[html.iwthemes.com/jekas/run/index-landingca00.html]
[html.iwthemes.com/jekas/run/index-landing2746.html]
[html.iwthemes.com/jekas/run/index-landingaf91.html]
[html.iwthemes.com/jekas/run/index-landingceb0.html]
[html.iwthemes.com/jekas/run/index-landing938c.html]
[html.iwthemes.com/jekas/run/index-landinga820.html]
[html.iwthemes.com/jekas/run/index-landing6788.html]
[html.iwthemes.com/jekas/run/index-landinge82e.html]
[html.iwthemes.com/jekas/run/index-landing0a59.html]
[html.iwthemes.com/jekas/run/page-about-010e99.html]
[html.iwthemes.com/jekas/run/page-about-01ca00.html]
[html.iwthemes.com/jekas/run/page-about-012746.html]
[html.iwthemes.com/jekas/run/page-about-01af91.html]
[html.iwthemes.com/jekas/run/page-about-01ceb0.html]
[html.iwthemes.com/jekas/run/page-about-01938c.html]
[html.iwthemes.com/jekas/run/page-about-01a820.html]
[html.iwthemes.com/jekas/run/page-about-016788.html]
[html.iwthemes.com/jekas/run/page-about-01e82e.html]
[html.iwthemes.com/jekas/run/page-about-010a59.html]
[html.iwthemes.com/jekas/run/page-about-020e99.html]
[html.iwthemes.com/jekas/run/page-about-02ca00.html]
[html.iwthemes.com/jekas/run/page-about-022746.html]
[html.iwthemes.com/jekas/run/page-about-02af91.html]
[html.iwthemes.com/jekas/run/page-about-02ceb0.html]
[html.iwthemes.com/jekas/run/page-about-02938c.html]
[html.iwthemes.com/jekas/run/page-about-02a820.html]
[html.iwthemes.com/jekas/run/page-about-026788.html]
[html.iwthemes.com/jekas/run/page-about-02e82e.html]
[html.iwthemes.com/jekas/run/page-about-020a59.html]
[html.iwthemes.com/jekas/run/page-about-me0e99.html]
[html.iwthemes.com/jekas/run/page-about-meca00.html]
[html.iwthemes.com/jekas/run/page-about-me2746.html]
[html.iwthemes.com/jekas/run/page-about-meaf91.html]
[html.iwthemes.com/jekas/run/page-about-meceb0.html]
[html.iwthemes.com/jekas/run/page-about-me938c.html]
[html.iwthemes.com/jekas/run/page-about-mea820.html]
[html.iwthemes.com/jekas/run/page-about-me6788.html]
[html.iwthemes.com/jekas/run/page-about-mee82e.html]
[html.iwthemes.com/jekas/run/page-about-me0a59.html]
[html.iwthemes.com/jekas/run/page-about-team0e99.html]
[html.iwthemes.com/jekas/run/page-about-teamca00.html]
[html.iwthemes.com/jekas/run/page-about-team2746.html]
[html.iwthemes.com/jekas/run/page-about-teamaf91.html]
[html.iwthemes.com/jekas/run/page-about-teamceb0.html]
[html.iwthemes.com/jekas/run/page-about-team938c.html]
[html.iwthemes.com/jekas/run/page-about-teama820.html]
[html.iwthemes.com/jekas/run/page-about-team6788.html]
[html.iwthemes.com/jekas/run/page-about-teame82e.html]
[html.iwthemes.com/jekas/run/page-about-team0a59.html]
[html.iwthemes.com/jekas/run/page-services-010e99.html]
[html.iwthemes.com/jekas/run/page-services-01ca00.html]
[html.iwthemes.com/jekas/run/page-services-012746.html]
[html.iwthemes.com/jekas/run/page-services-01af91.html]
[html.iwthemes.com/jekas/run/page-services-01ceb0.html]
[html.iwthemes.com/jekas/run/page-services-01938c.html]
[html.iwthemes.com/jekas/run/page-services-01a820.html]
[html.iwthemes.com/jekas/run/page-services-016788.html]
[html.iwthemes.com/jekas/run/page-services-01e82e.html]
[html.iwthemes.com/jekas/run/page-services-010a59.html]
[html.iwthemes.com/jekas/run/page-services-020e99.html]
[html.iwthemes.com/jekas/run/page-services-02ca00.html]
[html.iwthemes.com/jekas/run/page-services-022746.html]
[html.iwthemes.com/jekas/run/page-services-02af91.html]
[html.iwthemes.com/jekas/run/page-services-02ceb0.html]
[html.iwthemes.com/jekas/run/page-services-02938c.html]
[html.iwthemes.com/jekas/run/page-services-02a820.html]
[html.iwthemes.com/jekas/run/page-services-026788.html]
[html.iwthemes.com/jekas/run/page-services-02e82e.html]
[html.iwthemes.com/jekas/run/page-services-020a59.html]
[html.iwthemes.com/jekas/run/page-services-030e99.html]
[html.iwthemes.com/jekas/run/page-services-03ca00.html]
[html.iwthemes.com/jekas/run/page-services-032746.html]
[html.iwthemes.com/jekas/run/page-services-03af91.html]
[html.iwthemes.com/jekas/run/page-services-03ceb0.html]
[html.iwthemes.com/jekas/run/page-services-03938c.html]
[html.iwthemes.com/jekas/run/page-services-03a820.html]
[html.iwthemes.com/jekas/run/page-services-036788.html]
[html.iwthemes.com/jekas/run/page-services-03e82e.html]
[html.iwthemes.com/jekas/run/page-services-030a59.html]
[html.iwthemes.com/jekas/run/page-services-options0e99.html]
[html.iwthemes.com/jekas/run/page-services-optionsca00.html]
[html.iwthemes.com/jekas/run/page-services-options2746.html]
[html.iwthemes.com/jekas/run/page-services-optionsaf91.html]
[html.iwthemes.com/jekas/run/page-services-optionsceb0.html]
[html.iwthemes.com/jekas/run/page-services-options938c.html]
[html.iwthemes.com/jekas/run/page-services-optionsa820.html]
[html.iwthemes.com/jekas/run/page-services-options6788.html]
[html.iwthemes.com/jekas/run/page-services-optionse82e.html]
[html.iwthemes.com/jekas/run/page-services-options0a59.html]
[html.iwthemes.com/jekas/run/work-2-columns0e99.html]
[html.iwthemes.com/jekas/run/work-2-columnsca00.html]
[html.iwthemes.com/jekas/run/work-2-columns2746.html]
[html.iwthemes.com/jekas/run/work-2-columnsaf91.html]
[html.iwthemes.com/jekas/run/work-2-columnsceb0.html]
[html.iwthemes.com/jekas/run/work-2-columns938c.html]
[html.iwthemes.com/jekas/run/work-2-columnsa820.html]
[html.iwthemes.com/jekas/run/work-2-columns6788.html]
[html.iwthemes.com/jekas/run/work-2-columnse82e.html]
[html.iwthemes.com/jekas/run/work-2-columns0a59.html]
[html.iwthemes.com/jekas/run/work-3-columns0e99.html]
[html.iwthemes.com/jekas/run/work-3-columnsca00.html]
[html.iwthemes.com/jekas/run/work-3-columns2746.html]
[html.iwthemes.com/jekas/run/work-3-columnsaf91.html]
[html.iwthemes.com/jekas/run/work-3-columnsceb0.html]
[html.iwthemes.com/jekas/run/work-3-columns938c.html]
[html.iwthemes.com/jekas/run/work-3-columnsa820.html]
[html.iwthemes.com/jekas/run/work-3-columns6788.html]
[html.iwthemes.com/jekas/run/work-3-columnse82e.html]
[html.iwthemes.com/jekas/run/work-3-columns0a59.html]
[html.iwthemes.com/jekas/run/work-4-columns0e99.html]
[html.iwthemes.com/jekas/run/work-4-columnsca00.html]
[html.iwthemes.com/jekas/run/work-4-columns2746.html]
[html.iwthemes.com/jekas/run/work-4-columnsaf91.html]
[html.iwthemes.com/jekas/run/work-4-columnsceb0.html]
[html.iwthemes.com/jekas/run/work-4-columns938c.html]
[html.iwthemes.com/jekas/run/work-4-columnsa820.html]
[html.iwthemes.com/jekas/run/work-4-columns6788.html]
[html.iwthemes.com/jekas/run/work-4-columnse82e.html]
[html.iwthemes.com/jekas/run/work-4-columns0a59.html]
[html.iwthemes.com/jekas/run/single-work0e99.html]
[html.iwthemes.com/jekas/run/single-workca00.html]
[html.iwthemes.com/jekas/run/single-work2746.html]
[html.iwthemes.com/jekas/run/single-workaf91.html]
[html.iwthemes.com/jekas/run/single-workceb0.html]
[html.iwthemes.com/jekas/run/single-work938c.html]
[html.iwthemes.com/jekas/run/single-worka820.html]
[html.iwthemes.com/jekas/run/single-work6788.html]
[html.iwthemes.com/jekas/run/single-worke82e.html]
[html.iwthemes.com/jekas/run/single-work0a59.html]
[html.iwthemes.com/jekas/run/page-sections-content0e99.html]
[html.iwthemes.com/jekas/run/page-sections-contentca00.html]
[html.iwthemes.com/jekas/run/page-sections-content2746.html]
[html.iwthemes.com/jekas/run/page-sections-contentaf91.html]
[html.iwthemes.com/jekas/run/page-sections-contentceb0.html]
[html.iwthemes.com/jekas/run/page-sections-content938c.html]
[html.iwthemes.com/jekas/run/page-sections-contenta820.html]
[html.iwthemes.com/jekas/run/page-sections-content6788.html]
[html.iwthemes.com/jekas/run/page-sections-contente82e.html]
[html.iwthemes.com/jekas/run/page-sections-content0a59.html]
[html.iwthemes.com/jekas/run/page-full-width0e99.html]
[html.iwthemes.com/jekas/run/page-full-widthca00.html]
[html.iwthemes.com/jekas/run/page-full-width2746.html]
[html.iwthemes.com/jekas/run/page-full-widthaf91.html]
[html.iwthemes.com/jekas/run/page-full-widthceb0.html]
[html.iwthemes.com/jekas/run/page-full-width938c.html]
[html.iwthemes.com/jekas/run/page-full-widtha820.html]
[html.iwthemes.com/jekas/run/page-full-width6788.html]
[html.iwthemes.com/jekas/run/page-full-widthe82e.html]
[html.iwthemes.com/jekas/run/page-full-width0a59.html]
[html.iwthemes.com/jekas/run/page-left-sidebar0e99.html]
[html.iwthemes.com/jekas/run/page-left-sidebarca00.html]
[html.iwthemes.com/jekas/run/page-left-sidebar2746.html]
[html.iwthemes.com/jekas/run/page-left-sidebaraf91.html]
[html.iwthemes.com/jekas/run/page-left-sidebarceb0.html]
[html.iwthemes.com/jekas/run/page-left-sidebar938c.html]
[html.iwthemes.com/jekas/run/page-left-sidebara820.html]
[html.iwthemes.com/jekas/run/page-left-sidebar6788.html]
[html.iwthemes.com/jekas/run/page-left-sidebare82e.html]
[html.iwthemes.com/jekas/run/page-left-sidebar0a59.html]
[html.iwthemes.com/jekas/run/page-right-sidebar0e99.html]
[html.iwthemes.com/jekas/run/page-right-sidebarca00.html]
[html.iwthemes.com/jekas/run/page-right-sidebar2746.html]
[html.iwthemes.com/jekas/run/page-right-sidebaraf91.html]
[html.iwthemes.com/jekas/run/page-right-sidebarceb0.html]
[html.iwthemes.com/jekas/run/page-right-sidebar938c.html]
[html.iwthemes.com/jekas/run/page-right-sidebara820.html]
[html.iwthemes.com/jekas/run/page-right-sidebar6788.html]
[html.iwthemes.com/jekas/run/page-right-sidebare82e.html]
[html.iwthemes.com/jekas/run/page-right-sidebar0a59.html]
[html.iwthemes.com/jekas/run/page-4040e99.html]
[html.iwthemes.com/jekas/run/page-404ca00.html]
[html.iwthemes.com/jekas/run/page-4042746.html]
[html.iwthemes.com/jekas/run/page-404af91.html]
[html.iwthemes.com/jekas/run/page-404ceb0.html]
[html.iwthemes.com/jekas/run/page-404938c.html]
[html.iwthemes.com/jekas/run/page-404a820.html]
[html.iwthemes.com/jekas/run/page-4046788.html]
[html.iwthemes.com/jekas/run/page-404e82e.html]
[html.iwthemes.com/jekas/run/page-4040a59.html]
[html.iwthemes.com/jekas/run/page-faq0e99.html]
[html.iwthemes.com/jekas/run/page-faqca00.html]
[html.iwthemes.com/jekas/run/page-faq2746.html]
[html.iwthemes.com/jekas/run/page-faqaf91.html]
[html.iwthemes.com/jekas/run/page-faqceb0.html]
[html.iwthemes.com/jekas/run/page-faq938c.html]
[html.iwthemes.com/jekas/run/page-faqa820.html]
[html.iwthemes.com/jekas/run/page-faq6788.html]
[html.iwthemes.com/jekas/run/page-faqe82e.html]
[html.iwthemes.com/jekas/run/page-faq0a59.html]
[html.iwthemes.com/jekas/run/feature-table-pricing0e99.html]
[html.iwthemes.com/jekas/run/feature-table-pricingca00.html]
[html.iwthemes.com/jekas/run/feature-table-pricing2746.html]
[html.iwthemes.com/jekas/run/feature-table-pricingaf91.html]
[html.iwthemes.com/jekas/run/feature-table-pricingceb0.html]
[html.iwthemes.com/jekas/run/feature-table-pricing938c.html]
[html.iwthemes.com/jekas/run/feature-table-pricinga820.html]
[html.iwthemes.com/jekas/run/feature-table-pricing6788.html]
[html.iwthemes.com/jekas/run/feature-table-pricinge82e.html]
[html.iwthemes.com/jekas/run/feature-table-pricing0a59.html]
[html.iwthemes.com/jekas/run/feature-grid0e99.html]
[html.iwthemes.com/jekas/run/feature-gridca00.html]
[html.iwthemes.com/jekas/run/feature-grid2746.html]
[html.iwthemes.com/jekas/run/feature-gridaf91.html]
[html.iwthemes.com/jekas/run/feature-gridceb0.html]
[html.iwthemes.com/jekas/run/feature-grid938c.html]
[html.iwthemes.com/jekas/run/feature-grida820.html]
[html.iwthemes.com/jekas/run/feature-grid6788.html]
[html.iwthemes.com/jekas/run/feature-gride82e.html]
[html.iwthemes.com/jekas/run/feature-grid0a59.html]
[html.iwthemes.com/jekas/run/feature-typograpy0e99.html]
[html.iwthemes.com/jekas/run/feature-typograpyca00.html]
[html.iwthemes.com/jekas/run/feature-typograpy2746.html]
[html.iwthemes.com/jekas/run/feature-typograpyaf91.html]
[html.iwthemes.com/jekas/run/feature-typograpyceb0.html]
[html.iwthemes.com/jekas/run/feature-typograpy938c.html]
[html.iwthemes.com/jekas/run/feature-typograpya820.html]
[html.iwthemes.com/jekas/run/feature-typograpy6788.html]
[html.iwthemes.com/jekas/run/feature-typograpye82e.html]
[html.iwthemes.com/jekas/run/feature-typograpy0a59.html]
[html.iwthemes.com/jekas/run/icons.html]
[html.iwthemes.com/jekas/run/feature-icons0e99.html]
[html.iwthemes.com/jekas/run/feature-iconsca00.html]
[html.iwthemes.com/jekas/run/feature-icons2746.html]
[html.iwthemes.com/jekas/run/feature-iconsaf91.html]
[html.iwthemes.com/jekas/run/feature-iconsceb0.html]
[html.iwthemes.com/jekas/run/feature-icons938c.html]
[html.iwthemes.com/jekas/run/feature-iconsa820.html]
[html.iwthemes.com/jekas/run/feature-icons6788.html]
[html.iwthemes.com/jekas/run/feature-iconse82e.html]
[html.iwthemes.com/jekas/run/feature-icons0a59.html]
[html.iwthemes.com/jekas/run/feature-elements0e99.html]
[html.iwthemes.com/jekas/run/feature-elementsca00.html]
[html.iwthemes.com/jekas/run/feature-elements2746.html]
[html.iwthemes.com/jekas/run/feature-elementsaf91.html]
[html.iwthemes.com/jekas/run/feature-elementsceb0.html]
[html.iwthemes.com/jekas/run/feature-elements938c.html]
[html.iwthemes.com/jekas/run/feature-elementsa820.html]
[html.iwthemes.com/jekas/run/feature-elements6788.html]
[html.iwthemes.com/jekas/run/feature-elementse82e.html]
[html.iwthemes.com/jekas/run/feature-elements0a59.html]
[html.iwthemes.com/jekas/run/page-blog-010e99.html]
[html.iwthemes.com/jekas/run/page-blog-01ca00.html]
[html.iwthemes.com/jekas/run/page-blog-012746.html]
[html.iwthemes.com/jekas/run/page-blog-01af91.html]
[html.iwthemes.com/jekas/run/page-blog-01ceb0.html]
[html.iwthemes.com/jekas/run/page-blog-01938c.html]
[html.iwthemes.com/jekas/run/page-blog-01a820.html]
[html.iwthemes.com/jekas/run/page-blog-016788.html]
[html.iwthemes.com/jekas/run/page-blog-01e82e.html]
[html.iwthemes.com/jekas/run/page-blog-010a59.html]
[html.iwthemes.com/jekas/run/page-blog-020e99.html]
[html.iwthemes.com/jekas/run/page-blog-02ca00.html]
[html.iwthemes.com/jekas/run/page-blog-022746.html]
[html.iwthemes.com/jekas/run/page-blog-02af91.html]
[html.iwthemes.com/jekas/run/page-blog-02ceb0.html]
[html.iwthemes.com/jekas/run/page-blog-02938c.html]
[html.iwthemes.com/jekas/run/page-blog-02a820.html]
[html.iwthemes.com/jekas/run/page-blog-026788.html]
[html.iwthemes.com/jekas/run/page-blog-02e82e.html]
[html.iwthemes.com/jekas/run/page-blog-020a59.html]
[html.iwthemes.com/jekas/run/single-post0e99.html]
[html.iwthemes.com/jekas/run/single-postca00.html]
[html.iwthemes.com/jekas/run/single-post2746.html]
[html.iwthemes.com/jekas/run/single-postaf91.html]
[html.iwthemes.com/jekas/run/single-postceb0.html]
[html.iwthemes.com/jekas/run/single-post938c.html]
[html.iwthemes.com/jekas/run/single-posta820.html]
[html.iwthemes.com/jekas/run/single-post6788.html]
[html.iwthemes.com/jekas/run/single-poste82e.html]
[html.iwthemes.com/jekas/run/single-post0a59.html]
[html.iwthemes.com/jekas/run/page-contact-020e99.html]
[html.iwthemes.com/jekas/run/page-contact-02ca00.html]
[html.iwthemes.com/jekas/run/page-contact-022746.html]
[html.iwthemes.com/jekas/run/page-contact-02af91.html]
[html.iwthemes.com/jekas/run/page-contact-02ceb0.html]
[html.iwthemes.com/jekas/run/page-contact-02938c.html]
[html.iwthemes.com/jekas/run/page-contact-02a820.html]
[html.iwthemes.com/jekas/run/page-contact-026788.html]
[html.iwthemes.com/jekas/run/page-contact-02e82e.html]
[html.iwthemes.com/jekas/run/page-contact-020a59.html]
[html.iwthemes.com/jekas/run/page-contact-010e99.html]
[html.iwthemes.com/jekas/run/page-contact-01ca00.html]
[html.iwthemes.com/jekas/run/page-contact-012746.html]
[html.iwthemes.com/jekas/run/page-contact-01af91.html]
[html.iwthemes.com/jekas/run/page-contact-01ceb0.html]
[html.iwthemes.com/jekas/run/page-contact-01938c.html]
[html.iwthemes.com/jekas/run/page-contact-01a820.html]
[html.iwthemes.com/jekas/run/page-contact-016788.html]
[html.iwthemes.com/jekas/run/page-contact-01e82e.html]
[html.iwthemes.com/jekas/run/page-contact-010a59.html]
[html.iwthemes.com/jekas/run/css/fonts/glyphicons-halflings-regular.svg]
[html.iwthemes.com/jekas/run/css/carousel/owl.video.play.html]
[sliderrevolution.com/index1882.html]
[sliderrevolution.com/index2840.html]
[sliderrevolution.com/indexca45.html]
[sliderrevolution.com/index99bc.html]
[sliderrevolution.com/index664a.html]
[html.iwthemes.com/jekas/run/js/rs-plugin/font/revicons90c6.svg]
[html.iwthemes.com/jekas/run/css/fonts/fontawesome-webfont78ce.svg]
